2165,1233985,2023-05-16T01:00:00Z,Cedric Ohayon,Radical SR10,1233985
4534,1202492,2023-05-16T01:00:00Z,Dmitriy Alexandrovich,Radical SR10,1224228
2415,1218197,2023-05-16T01:00:00Z,David Piazza,Radical SR10,1237595
